 === CAT & MOUSE LEARNING SIMULATION ===
 Max Bars (real-world steps):        20000
 Brain steps per Bar:           20
 Reinforcement: distance-based (global)
 Logging to:simulation_log.csv
 Snapshot interval:         1000
 
 ========================================
 SNAPSHOT AT BAR         1000
 ========================================
 
 Field (C=Cat, M=Mouse):
....................
....................
....................
....................
....................
....................
....................
....................
....................
....................
....................
....................
....................
....................
....................
....................
....................
.M..................
....................
C...................
 
 Mouse:            9 ,           10
 Cat:              0 ,            0
 Vision input:
    1  0  0  0  0  0
 Brain state:
    1  1  0  0  0  0  1  0  0  0  0  0
    1  0  0  0  0  0  1  0  0  0  0  0
    0  0  0  0  0  0  0  0  0  0  0  0
    0  0  0  0  0  0  0  0  0  0  0  0
    0  0  0  0  0  0  0  0  0  0  0  0
    0  0  0  0  0  0  0  0  0  0  0  0
 Output (movement directions):
    0  0  0  0  0  0  0  0
 Brain energy:            5
 Output energy:            0
 
 Progress:         1000 /        20000
 ========================================
 SNAPSHOT AT BAR         2000
 ========================================
 
 Field (C=Cat, M=Mouse):
....................
....................
....................
....................
....................
....................
....................
....................
....................
....................
....................
....................
....................
....................
....................
....................
..M.................
....................
C...................
....................
 
 Mouse:           11 ,           19
 Cat:              0 ,            5
 Vision input:
    1  0  0  0  0  0
 Brain state:
    1  0  0  0  0  0  0  0  0  0  0  0
    0  0  0  0  0  0  0  0  0  0  0  0
    0  0  0  0  0  0  0  0  0  0  0  0
    0  0  0  0  1  0  1  0  0  0  0  0
    0  0  0  0  0  0  0  0  0  0  1  1
    0  0  0  0  0  0  0  0  0  0  2  1
 Output (movement directions):
    0  0  0  0  0  0  0  0
 Brain energy:            8
 Output energy:            0
 
 Progress:         2000 /        20000
 ========================================
 SNAPSHOT AT BAR         3000
 ========================================
 
 Field (C=Cat, M=Mouse):
....................
....................
....................
....................
....................
....................
....................
....................
....................
....................
....................
....................
....................
....................
....................
....................
...................M
....................
....................
................C...
 
 Mouse:           95 ,           18
 Cat:             80 ,            0
 Vision input:
    1  0  0  0  0  0
 Brain state:
    0  0  0  0  2  1  0  0  0  0  0  0
    0  0  0  2  1  0  0  0  0  0  0  0
    0  0  2  1  0  0  0  0  0  0  0  0
    0  0  1  0  0  0  0  0  0  0  0  0
    2  0  0  0  0  0  0  0  0  0  0  0
    0  1  0  0  0  0  0  0  0  0  0  0
 Output (movement directions):
    0  0  1  0  0  0  0  0
 Brain energy:           13
 Output energy:            1
 Cat moved:            1 steps in direction            3
 
 Progress:         3000 /        20000
 ========================================
 SNAPSHOT AT BAR         4000
 ========================================
 
 Field (C=Cat, M=Mouse):
....................
....................
M...................
....................
....................
....................
....................
....................
....................
....................
....................
....................
....................
....................
....................
....................
....................
....................
....................
C...................
 
 Mouse:            0 ,           87
 Cat:              0 ,            0
 Vision input:
    0  1  0  0  0  0
 Brain state:
    0  0  0  0  0  0  0  0  0  0  0  0
    0  0  0  0  1  0  1  1  0  0  0  0
    0  0  0  0  0  2  0  0  0  0  0  0
    0  0  0  0  1  0  0  0  0  0  0  0
    1  0  0  0  0  0  0  0  0  0  0  0
    0  0  0  0  0  0  0  0  0  0  0  0
 Output (movement directions):
    1  0  0  0  0  0  0  0
 Brain energy:            7
 Output energy:            1
 Cat moved:            1 steps in direction            1
 
 Progress:         4000 /        20000
 ========================================
 SNAPSHOT AT BAR         5000
 ========================================
 
 Field (C=Cat, M=Mouse):
....................
....................
....................
....................
....................
M...................
....................
....................
....................
....................
....................
....................
....................
....................
....................
....................
....................
....................
....................
C...................
 
 Mouse:            1 ,           75
 Cat:              0 ,            0
 Vision input:
    0  1  0  0  0  0
 Brain state:
    0  0  0  0  0  0  1  0  0  0  0  0
    0  2  2  1  0  0  0  0  0  0  0  0
    0  2  1  0  0  0  0  0  0  0  0  0
    0  0  0  0  1  0  0  0  0  0  0  0
    0  0  0  0  0  0  0  1  0  0  0  0
    0  0  0  0  0  0  0  0  0  0  0  0
 Output (movement directions):
    1  0  0  0  0  0  0  0
 Brain energy:           11
 Output energy:            1
 Cat moved:            1 steps in direction            1
 
 Progress:         5000 /        20000
 ========================================
 SNAPSHOT AT BAR         6000
 ========================================
 
 Field (C=Cat, M=Mouse):
....................
....................
....................
....................
....................
....................
.............M......
....................
....................
....................
....................
....................
....................
....................
....................
....................
....................
....................
....................
C...................
 
 Mouse:           67 ,           66
 Cat:              0 ,            0
 Vision input:
    1  0  0  0  0  0
 Brain state:
    0  0  0  0  0  0  0  0  0  0  0  0
    0  0  0  0  0  0  0  0  0  0  0  0
    0  0  0  0  0  0  0  0  0  0  0  0
    2  0  0  0  2  0  0  0  0  0  0  0
    1  0  0  2  1  1  0  0  0  0  0  0
    0  0  0  0  0  0  0  0  0  0  0  0
 Output (movement directions):
    1  0  0  0  0  0  0  0
 Brain energy:            9
 Output energy:            1
 Cat moved:            1 steps in direction            1
 
 Progress:         6000 /        20000
 ========================================
 SNAPSHOT AT BAR         7000
 ========================================
 
 Field (C=Cat, M=Mouse):
...........M........
....................
....................
....................
....................
....................
....................
....................
....................
....................
....................
....................
....................
....................
....................
....................
....................
....................
....................
C...................
 
 Mouse:           56 ,          100
 Cat:              0 ,            0
 Vision input:
    0  1  0  0  0  0
 Brain state:
    0  0  0  0  0  0  0  0  0  0  0  0
    0  0  0  0  0  0  0  0  0  0  0  0
    0  0  0  0  0  0  0  0  0  0  0  0
    0  0  0  0  1  0  0  0  0  0  0  0
    0  0  0  1  1  1  0  0  0  0  0  0
    0  0  0  0  0  0  0  0  0  0  0  0
 Output (movement directions):
    1  0  0  0  0  0  0  0
 Brain energy:            4
 Output energy:            1
 Cat moved:            1 steps in direction            1
 
 Progress:         7000 /        20000
 ========================================
 SNAPSHOT AT BAR         8000
 ========================================
 
 Field (C=Cat, M=Mouse):
....................
....................
....................
....................
....................
....................
....................
....................
....................
....................
....................
..............M.....
....................
....................
....................
....................
....................
....................
....................
C...................
 
 Mouse:           71 ,           41
 Cat:              0 ,            0
 Vision input:
    1  0  0  0  0  0
 Brain state:
    0  0  0  0  0  0  0  0  0  0  0  0
    0  0  0  0  0  0  0  0  0  0  0  0
    0  0  0  0  0  0  0  0  0  0  0  0
    0  0  0  0  0  0  0  0  0  0  0  0
    0  0  0  0  0  0  0  0  0  0  0  0
    0  0  0  2  1  0  0  0  0  0  0  0
 Output (movement directions):
    1  0  0  0  0  0  0  0
 Brain energy:            3
 Output energy:            1
 Cat moved:            1 steps in direction            1
 
 Progress:         8000 /        20000
 ========================================
 SNAPSHOT AT BAR         9000
 ========================================
 
 Field (C=Cat, M=Mouse):
....................
....................
....................
....................
....................
....................
....................
....................
....................
....................
....................
....................
....................
....................
....................
....................
....................
...............M....
....................
C...................
 
 Mouse:           77 ,           11
 Cat:              0 ,            0
 Vision input:
    1  0  0  0  0  0
 Brain state:
    0  1  0  0  0  0  0  0  0  0  0  0
    0  0  0  0  0  0  0  0  0  0  0  0
    0  0  0  0  0  0  0  0  0  0  0  0
    0  0  0  0  0  0  0  0  0  0  0  0
    0  0  0  0  0  0  0  0  0  0  0  0
    0  0  0  1  1  0  0  0  0  0  0  0
 Output (movement directions):
    0  1  0  0  0  0  0  0
 Brain energy:            3
 Output energy:            1
 Cat moved:            1 steps in direction            2
 
 Progress:         9000 /        20000
 ========================================
 SNAPSHOT AT BAR        10000
 ========================================
 
 Field (C=Cat, M=Mouse):
....................
....................
....................
....................
....................
....................
....................
....................
....................
....................
....................
....................
....................
....................
....................
....................
....................
....................
....................
C...........M.......
 
 Mouse:           62 ,            4
 Cat:              0 ,            0
 Vision input:
    1  0  0  0  0  0
 Brain state:
    0  0  1  1  0  0  0  0  0  0  0  0
    0  0  0  1  0  0  0  0  0  0  0  0
    0  0  1  1  0  0  0  0  0  0  0  0
    0  0  0  0  1  0  0  0  0  0  0  0
    0  0  0  0  0  0  0  0  0  0  0  0
    0  0  0  0  0  0  0  0  0  0  0  0
 Output (movement directions):
    0  0  0  1  0  0  0  0
 Brain energy:            6
 Output energy:            1
 Cat moved:            1 steps in direction            4
 
 Progress:        10000 /        20000
 ========================================
 SNAPSHOT AT BAR        11000
 ========================================
 
 Field (C=Cat, M=Mouse):
....................
....................
....................
....................
....................
....................
..........M.........
....................
....................
....................
....................
....................
....................
....................
....................
....................
....................
....................
....................
...................C
 
 Mouse:           53 ,           65
 Cat:            100 ,            0
 Vision input:
    0  0  1  0  0  0
 Brain state:
    0  0  0  0  0  0  0  0  0  0  0  0
    0  0  0  1  0  0  0  0  0  0  0  0
    1  0  0  0  0  0  0  0  0  0  0  0
    0  0  0  0  0  0  0  0  0  0  0  0
    0  0  0  0  0  0  0  0  0  0  0  0
    0  1  0  0  0  0  0  0  0  0  0  0
 Output (movement directions):
    0  0  1  0  0  0  0  0
 Brain energy:            3
 Output energy:            1
 Cat moved:            1 steps in direction            3
 
 Progress:        11000 /        20000
 ========================================
 SNAPSHOT AT BAR        12000
 ========================================
 
 Field (C=Cat, M=Mouse):
....................
....................
....................
....................
....................
....................
....................
....................
....................
....................
.................M..
....................
....................
....................
....................
....................
....................
....................
....................
C...................
 
 Mouse:           88 ,           46
 Cat:              0 ,            0
 Vision input:
    1  0  0  0  0  0
 Brain state:
    0  0  0  0  0  1  0  0  0  0  0  0
    0  0  0  0  0  0  0  1  0  0  0  0
    0  0  0  0  0  0  0  0  0  0  0  0
    0  0  0  0  0  0  0  1  0  0  0  0
    0  0  0  0  0  0  0  0  0  0  0  0
    0  0  0  1  1  0  0  0  0  0  0  0
 Output (movement directions):
    1  0  0  0  0  0  0  0
 Brain energy:            5
 Output energy:            1
 Cat moved:            1 steps in direction            1
 
 Progress:        12000 /        20000
 ========================================
 SNAPSHOT AT BAR        13000
 ========================================
 
 Field (C=Cat, M=Mouse):
....................
....................
....................
....................
....................
....................
....................
....................
....................
....................
....................
....................
....................
....................
....................
....................
....................
....................
.........M..........
C...................
 
 Mouse:           49 ,            8
 Cat:              0 ,            0
 Vision input:
    1  0  0  0  0  0
 Brain state:
    0  0  0  0  0  0  0  0  0  0  0  0
    2  2  0  0  0  0  0  0  0  0  0  0
    1  0  0  0  0  0  0  0  0  0  0  0
    0  0  0  0  0  0  0  0  0  0  0  0
    0  0  0  0  0  0  0  0  0  0  0  0
    0  0  0  0  1  1  0  0  0  1  0  0
 Output (movement directions):
    1  0  0  0  0  0  0  0
 Brain energy:            8
 Output energy:            1
 Cat moved:            1 steps in direction            1
 
 Progress:        13000 /        20000
 ========================================
 SNAPSHOT AT BAR        14000
 ========================================
 
 Field (C=Cat, M=Mouse):
....................
....................
....................
....................
....................
....................
....................
....................
....................
.................M..
....................
....................
....................
....................
....................
....................
....................
....................
....................
C...................
 
 Mouse:           86 ,           54
 Cat:              0 ,            0
 Vision input:
    1  0  0  0  0  0
 Brain state:
    0  0  0  0  0  0  0  0  0  0  0  0
    2  2  0  0  0  0  0  0  0  0  0  0
    1  0  0  0  0  0  0  0  0  0  0  0
    0  0  0  0  0  0  0  0  0  0  0  0
    0  0  0  0  0  0  0  0  0  0  0  0
    0  0  0  0  0  0  0  0  0  1  0  0
 Output (movement directions):
    1  0  0  0  0  0  0  0
 Brain energy:            6
 Output energy:            1
 Cat moved:            1 steps in direction            1
 
 Progress:        14000 /        20000
 ========================================
 SNAPSHOT AT BAR        15000
 ========================================
 
 Field (C=Cat, M=Mouse):
....................
....................
....................
....................
....................
....................
....................
....................
....................
....................
....................
....................
....................
....................
....................
....................
....................
.............M......
....................
C...................
 
 Mouse:           66 ,           14
 Cat:              0 ,            0
 Vision input:
    1  0  0  0  0  0
 Brain state:
    1  1  1  0  0  0  0  0  0  0  0  0
    0  1  2  0  0  0  0  0  0  0  0  0
    0  1  0  0  0  0  0  0  0  0  0  0
    0  0  0  0  0  0  0  0  0  0  0  0
    0  1  1  0  0  0  0  0  0  0  0  0
    0  0  0  0  0  0  0  0  0  1  1  0
 Output (movement directions):
    0  0  0  0  0  0  0  0
 Brain energy:           11
 Output energy:            0
 
 Progress:        15000 /        20000
 ========================================
 SNAPSHOT AT BAR        16000
 ========================================
 
 Field (C=Cat, M=Mouse):
....................
....................
....................
....................
......C.............
....................
....................
....................
....................
.............M......
....................
....................
....................
....................
....................
....................
....................
....................
....................
....................
 
 Mouse:           68 ,           54
 Cat:             30 ,           75
 Vision input:
    0  0  0  0  0  1
 Brain state:
    0  0  0  0  0  1  2  0  0  0  0  0
    0  2  1  0  0  0  0  1  0  0  0  0
    0  0  0  0  0  0  0  0  0  0  0  0
    0  0  0  0  0  0  0  0  0  0  0  0
    0  0  0  0  0  0  0  0  0  0  0  0
    0  0  0  0  0  0  0  0  0  0  1  0
 Output (movement directions):
    0  0  0  0  0  0  0  0
 Brain energy:            8
 Output energy:            0
 
 Progress:        16000 /        20000
 ========================================
 SNAPSHOT AT BAR        17000
 ========================================
 
 Field (C=Cat, M=Mouse):
....................
....................
....................
....................
....................
....................
....................
....................
....................
....................
....................
....................
....................
....................
....................
.....M..............
....................
....................
....................
C...................
 
 Mouse:           27 ,           23
 Cat:              0 ,            0
 Vision input:
    1  0  0  0  0  0
 Brain state:
    0  0  0  0  0  0  0  0  0  0  0  0
    0  0  0  0  0  0  0  0  0  0  0  0
    0  0  0  0  0  0  0  0  0  0  0  0
    0  0  0  0  0  0  0  0  0  0  0  0
    0  0  0  1  1  0  0  0  0  0  0  1
    0  0  0  0  0  0  0  0  0  0  2  1
 Output (movement directions):
    1  0  0  0  0  0  0  0
 Brain energy:            6
 Output energy:            1
 Cat moved:            1 steps in direction            1
 
 Progress:        17000 /        20000
 ========================================
 SNAPSHOT AT BAR        18000
 ========================================
 
 Field (C=Cat, M=Mouse):
....................
....................
...................M
....................
....................
....................
....................
....................
....................
....................
....................
....................
....................
....................
....................
....................
....................
....................
....................
C...................
 
 Mouse:          100 ,           89
 Cat:              0 ,            0
 Vision input:
    1  0  0  0  0  0
 Brain state:
    0  0  0  0  0  0  0  0  0  0  0  0
    0  0  0  0  0  0  0  0  0  0  0  0
    0  0  0  0  0  0  0  0  0  0  0  0
    0  0  0  0  0  0  0  0  0  0  0  0
    0  0  0  0  0  0  0  0  0  0  0  1
    0  0  0  0  0  0  0  0  0  0  2  1
 Output (movement directions):
    1  0  0  0  0  0  0  0
 Brain energy:            4
 Output energy:            1
 Cat moved:            1 steps in direction            1
 
 Progress:        18000 /        20000
 ========================================
 SNAPSHOT AT BAR        19000
 ========================================
 
 Field (C=Cat, M=Mouse):
....................
....................
....................
....................
....................
....................
....................
....................
....................
....................
....................
....................
....................
....................
....................
....................
....................
....................
................M...
C...................
 
 Mouse:           84 ,           10
 Cat:              0 ,            0
 Vision input:
    1  0  0  0  0  0
 Brain state:
    0  0  0  0  0  0  0  0  0  0  0  0
    0  0  0  0  0  0  0  0  0  0  0  0
    0  0  0  0  0  1  0  0  0  0  0  0
    0  0  0  0  0  0  0  0  0  0  0  0
    0  0  0  0  0  0  0  0  0  0  0  1
    0  0  0  0  0  0  0  0  0  0  2  1
 Output (movement directions):
    1  0  0  0  0  0  0  0
 Brain energy:            5
 Output energy:            1
 Cat moved:            1 steps in direction            1
 
 Progress:        19000 /        20000
 ========================================
 SNAPSHOT AT BAR        20000
 ========================================
 
 Field (C=Cat, M=Mouse):
....................
....................
....................
....................
....................
....................
....................
....................
....................
....................
....................
....................
............M.......
....................
....................
....................
....................
....................
....................
..C.................
 
 Mouse:           60 ,           36
 Cat:             10 ,            0
 Vision input:
    1  0  0  0  0  0
 Brain state:
    1  0  0  0  0  0  0  0  0  0  0  0
    1  1  0  0  0  0  0  0  0  0  0  0
    0  0  0  0  0  0  0  0  0  0  0  0
    0  0  0  0  0  0  0  0  0  0  0  0
    0  0  0  0  0  0  0  0  0  0  0  1
    0  0  0  0  0  0  0  0  0  0  2  1
 Output (movement directions):
    0  0  0  0  0  0  0  0
 Brain energy:            7
 Output energy:            0
 
 Progress:        20000 /        20000
 === SIMULATION COMPLETE ===
 Results saved to:simulation_log.csv
