 === CAT & MOUSE LEARNING SIMULATION ===
 Max Bars (real-world steps):        20000
 Brain steps per Bar:           20
 Reinforcement: distance-based (global)
 Logging to:simulation_log.csv
 Snapshot interval:         1000
 
 ========================================
 SNAPSHOT AT BAR         1000
 ========================================
 
 Field (C=Cat, M=Mouse):
....................
....................
....................
....................
....................
....................
....................
....................
....................
....................
....................
....................
....................
....................
....................
....................
....................
...................M
....................
C...................
 
 Mouse:           95 ,           13
 Cat:              0 ,            0
 Vision input:
    1  0  0  0  0  0
 Brain state:
    0  0  0  0  0  0  0  0  0  0  0  0
    0  0  0  0  0  0  1  0  0  0  0  0
    0  0  0  0  0  0  0  0  0  0  0  0
    0  0  0  0  0  0  0  0  0  0  0  0
    0  0  0  0  0  0  0  0  0  0  0  0
    0  0  0  0  0  0  0  0  0  0  0  0
 Output (movement directions):
    1  0  0  0  0  0  0  0
 Brain energy:            1
 Output energy:            1
 Cat moved:            1 steps in direction            1
 
 Progress:         1000 /        20000
 ========================================
 SNAPSHOT AT BAR         2000
 ========================================
 
 Field (C=Cat, M=Mouse):
....................
............M.......
....................
....................
....................
....................
....................
....................
....................
....................
....................
....................
....................
....................
....................
....................
....................
....................
....................
C...................
 
 Mouse:           63 ,           92
 Cat:              0 ,            0
 Vision input:
    1  0  0  0  0  0
 Brain state:
    0  0  0  0  1  0  0  0  0  0  0  0
    0  0  0  0  1  0  0  0  0  0  0  0
    0  0  0  0  0  0  0  0  0  0  0  0
    0  0  0  0  0  0  0  0  0  0  0  0
    0  0  0  0  0  0  0  0  0  0  0  0
    0  0  0  0  0  0  0  0  0  0  0  0
 Output (movement directions):
    1  0  0  0  0  0  0  0
 Brain energy:            2
 Output energy:            1
 Cat moved:            1 steps in direction            1
 
 Progress:         2000 /        20000
 ========================================
 SNAPSHOT AT BAR         3000
 ========================================
 
 Field (C=Cat, M=Mouse):
....................
....................
....................
....................
....................
....................
....................
....................
....................
....................
.........M..........
....................
....................
....................
....................
....................
....................
....................
....................
C...................
 
 Mouse:           50 ,           46
 Cat:              0 ,            0
 Vision input:
    1  0  0  0  0  0
 Brain state:
    0  0  0  0  0  0  0  0  0  0  0  0
    0  0  0  0  0  0  0  0  0  0  0  0
    0  0  2  1  0  0  0  0  0  0  0  0
    0  0  0  0  1  0  0  0  0  0  0  0
    0  0  0  0  0  0  1  0  0  0  0  0
    0  1  1  0  0  0  1  0  0  0  0  0
 Output (movement directions):
    1  0  0  0  0  0  0  0
 Brain energy:            8
 Output energy:            1
 Cat moved:            1 steps in direction            1
 
 Progress:         3000 /        20000
 ========================================
 SNAPSHOT AT BAR         4000
 ========================================
 
 Field (C=Cat, M=Mouse):
...................C
....................
....................
....................
....................
....................
....................
....................
....................
....................
....................
.............M......
....................
....................
....................
....................
....................
....................
....................
....................
 
 Mouse:           70 ,           42
 Cat:            100 ,          100
 Vision input:
    0  0  0  0  1  0
 Brain state:
    1  0  0  0  0  0  0  0  0  0  0  0
    0  0  0  0  0  0  0  0  0  0  0  0
    0  0  0  0  0  0  0  0  0  0  0  0
    0  0  0  0  0  0  0  0  0  0  0  0
    0  0  0  0  1  0  0  0  0  0  0  0
    0  0  0  0  0  0  0  0  0  0  0  0
 Output (movement directions):
    0  0  0  0  0  0  0  1
 Brain energy:            2
 Output energy:            1
 Cat moved:            1 steps in direction            8
 
 Progress:         4000 /        20000
 ========================================
 SNAPSHOT AT BAR         5000
 ========================================
 
 Field (C=Cat, M=Mouse):
....................
....................
....................
....................
....................
....................
....................
....................
....................
....................
....................
....................
....................
..................M.
....................
....................
....................
....................
....................
........C...........
 
 Mouse:           94 ,           31
 Cat:             40 ,            0
 Vision input:
    1  0  0  0  0  0
 Brain state:
    0  0  0  2  1  1  1  0  0  0  0  0
    0  0  2  2  1  1  1  0  0  0  0  0
    0  0  1  1  1  1  0  0  0  0  0  0
    0  0  0  0  0  0  0  0  0  0  0  0
    0  0  0  0  0  0  0  0  0  0  0  0
    0  0  0  0  0  0  0  0  0  0  0  0
 Output (movement directions):
    0  1  0  0  0  0  0  0
 Brain energy:           16
 Output energy:            1
 Cat moved:            1 steps in direction            2
 
 Progress:         5000 /        20000
 ========================================
 SNAPSHOT AT BAR         6000
 ========================================
 
 Field (C=Cat, M=Mouse):
....................
....................
....................
....................
....................
...........M........
....................
....................
....................
....................
....................
....................
....................
....................
....................
....................
....................
....................
....................
...................C
 
 Mouse:           57 ,           75
 Cat:            100 ,            0
 Vision input:
    0  1  0  0  0  0
 Brain state:
    0  0  0  0  0  1  1  0  0  0  0  0
    0  0  0  0  0  0  1  0  0  0  0  0
    0  0  0  0  0  0  0  0  0  0  0  0
    0  0  0  0  0  0  0  0  0  0  0  0
    0  0  0  0  0  0  0  0  0  0  1  1
    0  0  0  0  0  0  0  0  0  1  1  0
 Output (movement directions):
    0  0  0  0  1  0  0  0
 Brain energy:            7
 Output energy:            1
 Cat moved:            1 steps in direction            5
 
 Progress:         6000 /        20000
 ========================================
 SNAPSHOT AT BAR         7000
 ========================================
 
 Field (C=Cat, M=Mouse):
....................
....................
....................
....................
....................
....................
....................
....................
....................
....................
....................
....................
....................
....................
....................
....................
....................
....................
....................
.......M...........C
 
 Mouse:           38 ,            2
 Cat:            100 ,            0
 Vision input:
    0  0  1  0  0  0
 Brain state:
    0  0  0  0  0  0  0  0  0  0  0  0
    0  0  0  0  2  0  0  0  0  0  0  0
    0  0  0  0  1  0  0  0  0  0  0  0
    0  0  0  0  0  0  0  0  0  0  0  0
    0  0  0  0  1  0  0  0  0  0  1  1
    0  0  0  1  1  0  0  0  0  2  1  0
 Output (movement directions):
    0  0  1  0  0  0  0  0
 Brain energy:           11
 Output energy:            1
 Cat moved:            1 steps in direction            3
 
 Progress:         7000 /        20000
 ========================================
 SNAPSHOT AT BAR         8000
 ========================================
 
 Field (C=Cat, M=Mouse):
....................
....................
....................
....................
....................
....................
....................
....................
....................
....................
....................
....................
....................
....................
....................
....................
..............M.....
....................
....................
C...................
 
 Mouse:           72 ,           18
 Cat:              0 ,            0
 Vision input:
    1  0  0  0  0  0
 Brain state:
    0  0  0  0  0  0  0  0  0  0  0  0
    0  0  0  0  0  0  0  0  0  0  0  0
    0  0  2  0  0  0  0  0  0  0  0  0
    0  0  0  1  0  0  0  0  0  0  0  0
    0  0  0  0  1  0  0  0  0  0  2  1
    0  0  0  1  1  0  0  0  0  1  1  0
 Output (movement directions):
    1  0  0  0  0  0  0  0
 Brain energy:           11
 Output energy:            1
 Cat moved:            1 steps in direction            1
 
 Progress:         8000 /        20000
 ========================================
 SNAPSHOT AT BAR         9000
 ========================================
 
 Field (C=Cat, M=Mouse):
................C...
....................
....................
....................
....................
....................
....................
....................
..M.................
....................
....................
....................
....................
....................
....................
....................
....................
....................
....................
....................
 
 Mouse:           13 ,           58
 Cat:             80 ,          100
 Vision input:
    0  0  0  1  0  0
 Brain state:
    0  0  0  0  0  0  0  0  0  0  0  0
    0  0  0  0  0  0  0  0  0  0  0  0
    2  0  0  0  0  0  0  0  0  0  0  0
    1  0  0  0  0  0  0  0  0  0  0  0
    0  0  0  0  0  0  0  0  0  0  0  0
    0  0  0  0  0  0  0  0  0  0  0  0
 Output (movement directions):
    0  0  0  0  0  0  1  0
 Brain energy:            3
 Output energy:            1
 Cat moved:            1 steps in direction            7
 
 Progress:         9000 /        20000
 ========================================
 SNAPSHOT AT BAR        10000
 ========================================
 
 Field (C=Cat, M=Mouse):
....................
....................
....................
....................
....................
....................
C...................
....................
....................
....................
....................
....................
....................
....................
....................
....M...............
....................
....................
....................
....................
 
 Mouse:           23 ,           20
 Cat:              0 ,           65
 Vision input:
    0  0  0  0  1  0
 Brain state:
    0  0  0  0  0  1  1  1  1  0  0  0
    0  0  0  0  0  1  2  2  2  1  0  0
    1  1  1  0  0  0  0  1  2  1  1  0
    1  0  2  1  0  0  2  0  0  0  0  0
    0  0  0  0  0  0  1  1  0  0  0  0
    0  0  0  0  0  0  0  0  0  2  1  0
 Output (movement directions):
    0  1  0  0  0  0  0  0
 Brain energy:           31
 Output energy:            1
 Cat moved:            1 steps in direction            2
 
 Progress:        10000 /        20000
 ========================================
 SNAPSHOT AT BAR        11000
 ========================================
 
 Field (C=Cat, M=Mouse):
....................
....................
...................M
....................
....................
....................
....................
....................
....................
....................
....................
....................
....................
....................
....................
....................
....................
....................
....................
...................C
 
 Mouse:           99 ,           86
 Cat:            100 ,            0
 Vision input:
    0  1  0  0  0  0
 Brain state:
    0  0  0  0  0  0  0  0  0  0  0  0
    1  0  0  0  0  0  0  0  0  0  0  0
    1  0  0  0  0  0  0  0  0  0  0  0
    1  1  0  0  0  0  0  0  0  0  0  0
    0  0  0  0  0  0  0  0  0  0  0  0
    0  0  0  0  0  0  0  0  0  0  0  0
 Output (movement directions):
    0  0  1  0  0  0  0  0
 Brain energy:            4
 Output energy:            1
 Cat moved:            1 steps in direction            3
 
 Progress:        11000 /        20000
 ========================================
 SNAPSHOT AT BAR        12000
 ========================================
 
 Field (C=Cat, M=Mouse):
....................
...........M........
....................
....................
....................
....................
....................
....................
....................
....................
....................
....................
....................
....................
....................
....................
....................
....................
....................
C...................
 
 Mouse:           59 ,           95
 Cat:              0 ,            0
 Vision input:
    1  0  0  0  0  0
 Brain state:
    0  1  0  0  1  0  0  0  0  0  0  0
    0  0  0  0  0  0  0  0  0  0  2  1
    0  0  0  0  0  0  1  0  0  0  0  0
    0  0  0  0  0  0  2  1  0  0  2  0
    0  0  0  0  0  0  1  0  0  2  1  1
    0  0  0  0  0  0  0  0  1  2  1  1
 Output (movement directions):
    0  0  0  1  0  0  0  0
 Brain energy:           21
 Output energy:            1
 Cat moved:            1 steps in direction            4
 
 Progress:        12000 /        20000
 ========================================
 SNAPSHOT AT BAR        13000
 ========================================
 
 Field (C=Cat, M=Mouse):
....................
....................
....................
....................
....................
....................
....................
....................
....................
....................
.............M......
....................
....................
....................
....................
....................
....................
....................
....................
.........C..........
 
 Mouse:           68 ,           48
 Cat:             45 ,            0
 Vision input:
    0  1  0  0  0  0
 Brain state:
    0  1  0  0  1  0  0  0  0  0  0  0
    0  0  0  0  0  0  0  0  0  0  0  0
    1  0  0  0  0  2  1  0  0  0  0  0
    1  0  0  0  0  0  0  0  0  0  1  0
    1  1  0  0  0  0  0  0  0  1  1  1
    0  0  0  0  0  0  0  0  0  0  1  1
 Output (movement directions):
    0  0  0  0  0  0  0  0
 Brain energy:           15
 Output energy:            0
 
 Progress:        13000 /        20000
 ========================================
 SNAPSHOT AT BAR        14000
 ========================================
 
 Field (C=Cat, M=Mouse):
................C...
....................
....................
....................
....................
....................
....................
....................
....................
....................
....................
....................
....................
....................
....................
....................
....................
....................
....................
.............M......
 
 Mouse:           69 ,            0
 Cat:             80 ,          100
 Vision input:
    0  0  0  0  1  0
 Brain state:
    0  1  0  0  1  0  0  0  0  0  0  0
    0  0  0  2  1  0  0  0  0  0  0  0
    0  0  0  0  1  0  0  0  0  0  0  0
    0  0  1  0  1  0  0  0  0  0  0  0
    0  1  0  0  0  0  0  0  0  0  0  0
    0  0  1  0  0  0  0  0  1  0  0  0
 Output (movement directions):
    0  0  0  0  0  0  0  0
 Brain energy:           11
 Output energy:            0
 
 Progress:        14000 /        20000
 ========================================
 SNAPSHOT AT BAR        15000
 ========================================
 
 Field (C=Cat, M=Mouse):
....................
....................
....................
....................
....................
....................
....................
....................
....................
....................
....................
....................
....................
.................M..
....................
....................
....................
....................
....................
...................C
 
 Mouse:           87 ,           34
 Cat:            100 ,            0
 Vision input:
    0  1  0  0  0  0
 Brain state:
    0  0  0  0  0  0  0  0  0  0  0  0
    0  0  0  0  0  0  0  0  0  0  0  0
    2  0  0  0  0  0  0  0  0  0  0  0
    1  1  0  0  0  0  0  0  0  0  0  0
    0  2  0  0  0  0  0  0  0  0  0  0
    0  1  0  0  0  0  0  0  0  0  1  1
 Output (movement directions):
    0  0  1  0  0  0  0  0
 Brain energy:            9
 Output energy:            1
 Cat moved:            1 steps in direction            3
 
 Progress:        15000 /        20000
 ========================================
 SNAPSHOT AT BAR        16000
 ========================================
 
 Field (C=Cat, M=Mouse):
...............C....
....................
..................M.
....................
....................
....................
....................
....................
....................
....................
....................
....................
....................
....................
....................
....................
....................
....................
....................
....................
 
 Mouse:           91 ,           89
 Cat:             75 ,          100
 Vision input:
    0  0  0  0  0  1
 Brain state:
    0  0  0  0  0  1  0  0  0  0  0  0
    0  0  0  0  1  1  0  1  1  0  0  0
    0  0  0  0  0  0  0  0  0  1  0  0
    1  1  0  0  0  0  0  0  0  0  0  0
    0  2  0  0  0  0  0  0  0  0  0  0
    1  0  0  0  0  0  0  0  0  1  1  0
 Output (movement directions):
    0  0  0  0  0  0  0  0
 Brain energy:           13
 Output energy:            0
 
 Progress:        16000 /        20000
 ========================================
 SNAPSHOT AT BAR        17000
 ========================================
 
 Field (C=Cat, M=Mouse):
....................
....................
....................
....................
....................
....................
....................
....................
....................
....................
....................
............M.......
....................
....................
....................
....................
....................
....................
....................
...............C....
 
 Mouse:           65 ,           42
 Cat:             75 ,            0
 Vision input:
    0  1  0  0  0  0
 Brain state:
    1  0  0  0  0  0  0  0  0  0  0  0
    1  2  0  0  0  0  0  0  0  0  0  0
    1  0  0  0  0  0  0  0  0  0  0  0
    0  0  0  0  1  1  0  0  0  0  0  0
    0  0  0  1  2  0  0  0  0  0  1  0
    0  0  0  0  0  0  0  0  0  1  2  1
 Output (movement directions):
    0  1  0  0  0  0  0  0
 Brain energy:           15
 Output energy:            1
 Cat moved:            1 steps in direction            2
 
 Progress:        17000 /        20000
 ========================================
 SNAPSHOT AT BAR        18000
 ========================================
 
 Field (C=Cat, M=Mouse):
....................
....................
....................
....................
....................
....................
....................
.....M..............
....................
....................
....................
....................
....................
....................
....................
....................
....................
....................
....................
C...................
 
 Mouse:           29 ,           63
 Cat:              0 ,            0
 Vision input:
    0  1  0  0  0  0
 Brain state:
    0  0  0  0  0  1  0  0  0  0  0  0
    0  0  0  0  0  0  1  0  0  0  0  0
    0  0  0  0  0  0  0  1  1  0  0  0
    0  0  0  0  0  0  1  0  0  0  0  0
    0  0  0  0  0  0  0  0  0  0  0  0
    0  0  0  0  0  0  0  0  0  0  0  0
 Output (movement directions):
    1  0  0  0  0  0  0  0
 Brain energy:            5
 Output energy:            1
 Cat moved:            1 steps in direction            1
 
 Progress:        18000 /        20000
 ========================================
 SNAPSHOT AT BAR        19000
 ========================================
 
 Field (C=Cat, M=Mouse):
....................
....................
....................
....................
....................
....................
....................
....................
....................
....................
....................
.............M......
....................
....................
....................
....................
....................
....................
....................
C...................
 
 Mouse:           65 ,           41
 Cat:              0 ,            0
 Vision input:
    1  0  0  0  0  0
 Brain state:
    0  0  0  0  0  0  0  0  0  0  0  0
    0  0  0  0  0  0  0  0  0  0  0  0
    0  1  0  0  0  0  0  1  1  0  0  0
    0  1  0  0  0  0  1  0  0  0  0  0
    1  0  0  0  0  0  0  0  0  0  0  0
    0  0  0  0  0  0  0  0  0  0  0  0
 Output (movement directions):
    0  0  0  1  0  0  0  0
 Brain energy:            6
 Output energy:            1
 Cat moved:            1 steps in direction            4
 
 Progress:        19000 /        20000
 ========================================
 SNAPSHOT AT BAR        20000
 ========================================
 
 Field (C=Cat, M=Mouse):
....................
....................
....................
....................
....................
....................
....................
....................
....................
....................
....................
....................
....................
....................
....................
....................
....................
....................
......M.............
...................C
 
 Mouse:           31 ,            9
 Cat:            100 ,            0
 Vision input:
    0  0  1  0  0  0
 Brain state:
    0  0  0  0  0  0  0  0  0  0  0  0
    0  0  1  0  0  0  0  0  0  0  0  0
    0  1  0  1  0  0  0  0  0  0  0  0
    0  0  1  0  0  0  0  0  0  0  0  0
    0  1  0  0  0  0  0  0  0  0  0  0
    0  0  0  0  0  0  0  0  0  0  0  0
 Output (movement directions):
    0  0  1  0  0  0  0  0
 Brain energy:            5
 Output energy:            1
 Cat moved:            1 steps in direction            3
 
 Progress:        20000 /        20000
 === SIMULATION COMPLETE ===
 Results saved to:simulation_log.csv
