 === CAT & MOUSE LEARNING SIMULATION ===
 Max Bars (real-world steps):        20000
 Brain steps per Bar:           20
 Reinforcement: distance-based (global)
 Logging to:simulation_log.csv
 Snapshot interval:         1000
 
 ========================================
 SNAPSHOT AT BAR         1000
 ========================================
 
 Field (C=Cat, M=Mouse):
....................
....................
....................
....................
....................
....................
....................
....................
....................
..M.................
....................
....................
....................
....................
....................
....................
....................
....................
....................
..C.................
 
 Mouse:           12 ,           54
 Cat:             10 ,            0
 Vision input:
    0  1  0  0  0  0
 Brain state:
    0  1  1  0  0  0  0  0  0  0  0  0
    0  2  2  1  0  0  0  0  0  0  0  0
    0  0  1  0  0  0  0  0  0  0  0  0
    0  0  1  1  1  0  0  0  0  0  0  0
    0  1  0  0  0  1  0  0  0  0  0  0
    0  1  0  0  0  0  0  0  0  0  0  0
 Output (movement directions):
    0  0  0  0  0  0  0  0
 Brain energy:           14
 Output energy:            0
 
 Progress:         1000 /        20000
 ========================================
 SNAPSHOT AT BAR         2000
 ========================================
 
 Field (C=Cat, M=Mouse):
....................
....................
....................
....................
....................
....................
.....M..............
....................
....................
....................
....................
....................
....................
....................
....................
....................
....................
....................
....................
C...................
 
 Mouse:           28 ,           65
 Cat:              0 ,            0
 Vision input:
    0  1  0  0  0  0
 Brain state:
    0  0  1  1  0  0  0  0  0  0  0  0
    0  0  0  1  0  0  0  0  0  0  0  0
    0  0  0  0  0  0  0  0  0  0  0  0
    0  0  0  0  0  0  0  0  0  0  0  0
    0  0  0  0  0  0  0  1  1  0  1  0
    0  0  0  0  0  0  0  0  0  1  0  1
 Output (movement directions):
    0  1  0  0  0  0  0  0
 Brain energy:            8
 Output energy:            1
 Cat moved:            1 steps in direction            2
 
 Progress:         2000 /        20000
 ========================================
 SNAPSHOT AT BAR         3000
 ========================================
 
 Field (C=Cat, M=Mouse):
....................
....................
....................
....................
....................
....................
..................M.
....................
....................
....................
....................
....................
....................
....................
....................
....................
....................
....................
....................
C...................
 
 Mouse:           91 ,           70
 Cat:              0 ,            0
 Vision input:
    1  0  0  0  0  0
 Brain state:
    0  0  0  0  0  0  0  0  0  0  0  0
    0  0  0  0  0  0  0  0  0  0  0  0
    0  0  0  0  0  0  0  0  0  0  0  0
    0  0  0  0  0  0  0  0  0  0  0  0
    0  0  0  0  0  0  0  0  0  0  1  0
    0  0  0  0  0  0  0  0  0  1  0  1
 Output (movement directions):
    0  1  0  0  0  0  0  0
 Brain energy:            3
 Output energy:            1
 Cat moved:            1 steps in direction            2
 
 Progress:         3000 /        20000
 ========================================
 SNAPSHOT AT BAR         4000
 ========================================
 
 Field (C=Cat, M=Mouse):
....................
....................
....................
....................
....................
....................
....................
....................
..M.................
....................
....................
....................
....................
....................
....................
....................
....................
....................
....................
C...................
 
 Mouse:           14 ,           56
 Cat:              0 ,            0
 Vision input:
    0  1  0  0  0  0
 Brain state:
    0  0  0  0  0  0  0  0  0  0  0  0
    0  0  0  0  0  0  0  0  0  0  0  0
    0  2  0  0  1  0  0  0  0  0  0  0
    1  0  0  1  0  0  0  0  0  0  0  0
    0  0  0  0  1  0  0  0  0  0  1  0
    0  0  0  0  0  0  0  0  0  1  1  0
 Output (movement directions):
    1  0  0  0  0  0  0  0
 Brain energy:            9
 Output energy:            1
 Cat moved:            1 steps in direction            1
 
 Progress:         4000 /        20000
 ========================================
 SNAPSHOT AT BAR         5000
 ========================================
 
 Field (C=Cat, M=Mouse):
...................C
....................
....................
....................
...............M....
....................
....................
....................
....................
....................
....................
....................
....................
....................
....................
....................
....................
....................
....................
....................
 
 Mouse:           78 ,           78
 Cat:            100 ,          100
 Vision input:
    0  0  0  1  0  0
 Brain state:
    0  0  1  1  0  0  0  0  0  0  0  0
    0  0  1  2  0  0  0  0  0  0  0  0
    0  0  1  0  0  0  0  0  0  0  0  0
    1  0  1  0  0  0  0  0  0  0  0  0
    1  1  0  1  0  0  0  0  0  0  0  0
    0  1  0  0  0  0  0  0  0  0  0  0
 Output (movement directions):
    0  0  0  0  0  0  0  0
 Brain energy:           12
 Output energy:            0
 
 Progress:         5000 /        20000
 ========================================
 SNAPSHOT AT BAR         6000
 ========================================
 
 Field (C=Cat, M=Mouse):
....................
....................
....................
....................
....................
....................
....................
....................
....................
......M.............
....................
....................
....................
....................
....................
....................
....................
....................
....................
C...................
 
 Mouse:           31 ,           51
 Cat:              0 ,            0
 Vision input:
    1  0  0  0  0  0
 Brain state:
    0  0  0  0  0  0  0  0  0  0  0  0
    0  0  0  0  0  0  0  0  0  0  0  0
    0  0  0  0  0  0  0  0  0  0  0  0
    1  0  0  0  0  0  0  0  0  0  0  0
    1  0  0  0  0  0  0  0  0  0  0  0
    0  0  0  0  0  0  0  0  0  0  0  0
 Output (movement directions):
    1  0  0  0  0  0  0  0
 Brain energy:            2
 Output energy:            1
 Cat moved:            1 steps in direction            1
 
 Progress:         6000 /        20000
 ========================================
 SNAPSHOT AT BAR         7000
 ========================================
 
 Field (C=Cat, M=Mouse):
....................
...M................
....................
....................
....................
....................
....................
....................
....................
....................
....................
....................
....................
....................
....................
....................
....................
....................
....................
C...................
 
 Mouse:           15 ,           92
 Cat:              0 ,            0
 Vision input:
    0  1  0  0  0  0
 Brain state:
    0  0  1  1  0  0  1  0  1  1  0  0
    0  0  1  1  1  1  1  0  1  1  0  0
    0  1  1  1  1  0  1  1  1  0  1  1
    2  0  0  0  0  0  0  1  2  1  0  0
    1  0  0  0  0  1  1  1  1  1  1  0
    0  0  0  0  0  1  1  2  1  1  0  0
 Output (movement directions):
    0  0  0  1  0  0  0  0
 Brain energy:           40
 Output energy:            1
 Cat moved:            1 steps in direction            4
 
 Progress:         7000 /        20000
 ========================================
 SNAPSHOT AT BAR         8000
 ========================================
 
 Field (C=Cat, M=Mouse):
....................
....................
....................
....................
....................
....................
....................
....................
....................
....................
....................
....................
....................
....................
....................
....................
............M.......
....................
....................
...................C
 
 Mouse:           63 ,           15
 Cat:            100 ,            0
 Vision input:
    0  0  1  0  0  0
 Brain state:
    1  1  0  0  0  0  0  0  0  0  0  0
    0  0  0  0  0  0  0  0  0  0  0  0
    0  0  0  0  0  0  0  0  0  0  0  0
    0  0  0  1  0  0  0  0  0  0  0  0
    1  0  0  0  0  0  0  0  0  2  0  0
    0  0  0  0  0  0  0  0  0  1  0  0
 Output (movement directions):
    0  0  1  0  0  0  0  0
 Brain energy:            7
 Output energy:            1
 Cat moved:            1 steps in direction            3
 
 Progress:         8000 /        20000
 ========================================
 SNAPSHOT AT BAR         9000
 ========================================
 
 Field (C=Cat, M=Mouse):
....................
...................M
....................
....................
....................
....................
....................
....................
....................
....................
....................
....................
....................
....................
....................
....................
....................
....................
....................
...................C
 
 Mouse:           96 ,           94
 Cat:            100 ,            0
 Vision input:
    0  1  0  0  0  0
 Brain state:
    0  1  0  0  0  0  0  0  0  0  0  0
    0  1  0  0  0  0  0  0  0  0  0  0
    1  0  0  0  0  0  0  0  0  0  0  0
    0  0  0  0  0  0  0  0  0  0  0  0
    0  0  0  0  0  0  0  0  0  0  0  0
    0  0  0  0  0  0  0  0  0  0  1  1
 Output (movement directions):
    0  1  0  0  0  0  0  0
 Brain energy:            5
 Output energy:            1
 Cat moved:            1 steps in direction            2
 
 Progress:         9000 /        20000
 ========================================
 SNAPSHOT AT BAR        10000
 ========================================
 
 Field (C=Cat, M=Mouse):
....................
....................
....................
....................
....................
....................
....................
....................
.............M......
....................
....................
....................
....................
....................
....................
....................
....................
....................
....................
...................C
 
 Mouse:           66 ,           58
 Cat:            100 ,            0
 Vision input:
    0  0  1  0  0  0
 Brain state:
    0  0  0  0  0  0  0  0  0  0  0  0
    1  2  0  0  0  0  0  0  0  0  0  0
    0  1  0  0  0  0  0  0  0  0  0  0
    2  0  0  0  0  0  0  0  0  0  0  0
    1  1  0  0  0  0  0  0  0  0  0  0
    1  1  0  0  1  0  0  0  0  1  2  1
 Output (movement directions):
    0  0  0  0  0  0  0  0
 Brain energy:           15
 Output energy:            0
 
 Progress:        10000 /        20000
 ========================================
 SNAPSHOT AT BAR        11000
 ========================================
 
 Field (C=Cat, M=Mouse):
C...................
....................
....................
....................
....................
....................
....................
....................
....................
....................
....................
....................
....................
....................
....................
....................
..M.................
....................
....................
....................
 
 Mouse:           11 ,           19
 Cat:              0 ,          100
 Vision input:
    0  0  0  0  1  0
 Brain state:
    0  0  0  0  0  0  0  0  0  0  0  0
    0  0  0  0  0  0  0  0  0  0  0  0
    0  1  0  0  0  0  0  0  0  0  0  0
    1  1  1  0  0  0  0  0  0  0  0  0
    0  1  1  0  0  0  0  0  0  0  0  1
    1  1  1  0  0  0  0  0  0  1  2  1
 Output (movement directions):
    0  0  0  0  0  1  0  0
 Brain energy:           14
 Output energy:            1
 Cat moved:            1 steps in direction            6
 
 Progress:        11000 /        20000
 ========================================
 SNAPSHOT AT BAR        12000
 ========================================
 
 Field (C=Cat, M=Mouse):
....................
....................
....................
....................
....................
....................
....................
....................
....................
....................
....................
.M..................
....................
....................
....................
....................
....................
....................
....................
C...................
 
 Mouse:            6 ,           45
 Cat:              0 ,            0
 Vision input:
    0  1  0  0  0  0
 Brain state:
    0  0  0  0  0  0  1  0  0  0  0  0
    0  0  0  0  0  0  0  1  0  0  0  0
    0  0  0  0  0  0  0  2  0  0  0  0
    0  0  0  0  0  0  1  0  2  0  0  0
    0  0  0  0  0  0  0  1  1  1  1  0
    0  0  0  0  0  1  0  1  1  1  1  1
 Output (movement directions):
    1  0  0  0  0  0  0  0
 Brain energy:           17
 Output energy:            1
 Cat moved:            1 steps in direction            1
 
 Progress:        12000 /        20000
 ========================================
 SNAPSHOT AT BAR        13000
 ========================================
 
 Field (C=Cat, M=Mouse):
....................
....................
....................
....................
....................
....................
....................
....................
...................C
....................
....................
....................
....................
....................
....................
....................
..................M.
....................
....................
....................
 
 Mouse:           91 ,           18
 Cat:            100 ,           55
 Vision input:
    0  0  0  0  1  0
 Brain state:
    0  0  0  0  0  0  0  0  0  0  0  0
    0  0  0  0  0  1  1  1  0  0  0  0
    0  0  0  2  0  0  1  1  0  0  0  0
    0  0  0  0  1  0  1  1  2  1  0  2
    0  0  0  0  0  0  0  1  1  2  1  2
    0  0  0  0  0  0  0  1  1  1  1  1
 Output (movement directions):
    0  0  0  0  0  0  0  0
 Brain energy:           27
 Output energy:            0
 
 Progress:        13000 /        20000
 ========================================
 SNAPSHOT AT BAR        14000
 ========================================
 
 Field (C=Cat, M=Mouse):
....................
....................
....................
....................
....................
....................
....................
....................
....................
....................
....................
...........M........
....................
....................
....................
....................
....................
....................
....................
...................C
 
 Mouse:           56 ,           43
 Cat:            100 ,            0
 Vision input:
    0  0  1  0  0  0
 Brain state:
    0  0  0  0  0  0  0  0  0  0  0  0
    0  0  0  0  0  0  0  0  0  0  0  0
    0  0  0  0  0  0  0  0  0  0  1  0
    0  0  0  0  0  0  0  0  0  0  0  0
    0  0  0  0  0  0  0  0  0  1  0  0
    0  0  0  0  0  0  0  0  0  0  1  0
 Output (movement directions):
    0  0  1  0  0  0  0  0
 Brain energy:            3
 Output energy:            1
 Cat moved:            1 steps in direction            3
 
 Progress:        14000 /        20000
 ========================================
 SNAPSHOT AT BAR        15000
 ========================================
 
 Field (C=Cat, M=Mouse):
....................
....................
....................
....................
....................
....................
....................
....................
....................
....................
....................
....................
....................
....................
.................M..
....................
....................
....................
....................
...................C
 
 Mouse:           89 ,           25
 Cat:            100 ,            0
 Vision input:
    0  1  0  0  0  0
 Brain state:
    0  0  0  0  0  0  0  0  0  0  0  0
    0  0  0  2  0  0  0  0  0  0  0  0
    0  0  0  1  0  0  0  0  0  0  0  0
    0  0  0  0  0  0  1  0  0  0  0  0
    0  0  0  0  0  0  0  0  0  2  1  0
    0  0  0  0  0  0  0  0  0  0  0  0
 Output (movement directions):
    0  0  0  0  1  0  0  0
 Brain energy:            7
 Output energy:            1
 Cat moved:            1 steps in direction            5
 
 Progress:        15000 /        20000
 ========================================
 SNAPSHOT AT BAR        16000
 ========================================
 
 Field (C=Cat, M=Mouse):
........M...........
....................
....................
....................
....................
....................
....................
....................
....................
....................
....................
....................
....................
....................
....................
....................
....................
....................
C...................
....................
 
 Mouse:           41 ,           96
 Cat:              0 ,            5
 Vision input:
    0  1  0  0  0  0
 Brain state:
    1  1  1  2  1  0  0  0  0  0  0  0
    0  1  2  2  0  0  0  0  0  0  1  0
    0  0  0  1  0  0  0  0  0  0  0  0
    0  1  1  0  0  0  0  0  0  0  0  0
    0  0  0  1  0  0  0  0  0  1  1  0
    0  0  0  0  1  0  0  0  1  0  0  0
 Output (movement directions):
    0  0  0  0  0  0  0  0
 Brain energy:           20
 Output energy:            0
 
 Progress:        16000 /        20000
 ========================================
 SNAPSHOT AT BAR        17000
 ========================================
 
 Field (C=Cat, M=Mouse):
....................
....................
....................
....................
....................
....................
....................
....................
....................
....................
....................
....................
....................
..................M.
....................
....................
....................
....................
....................
C...................
 
 Mouse:           91 ,           33
 Cat:              0 ,            0
 Vision input:
    1  0  0  0  0  0
 Brain state:
    0  0  0  0  0  0  0  0  0  0  0  0
    0  0  1  0  0  0  0  0  0  0  0  0
    0  0  0  0  0  0  0  0  0  0  0  0
    0  0  2  1  0  0  0  0  0  0  0  0
    0  0  0  0  0  0  0  0  0  0  0  0
    0  0  0  0  0  0  0  0  0  0  1  0
 Output (movement directions):
    1  0  0  0  0  0  0  0
 Brain energy:            5
 Output energy:            1
 Cat moved:            1 steps in direction            1
 
 Progress:        17000 /        20000
 ========================================
 SNAPSHOT AT BAR        18000
 ========================================
 
 Field (C=Cat, M=Mouse):
................C...
....................
....................
....................
....................
....................
....................
....................
....................
....................
....................
....................
........M...........
....................
....................
....................
....................
....................
....................
....................
 
 Mouse:           44 ,           39
 Cat:             80 ,          100
 Vision input:
    0  0  0  1  0  0
 Brain state:
    0  0  0  0  0  0  0  0  0  0  0  0
    0  0  0  0  0  0  0  0  0  0  0  0
    0  0  0  0  0  0  0  0  0  0  0  0
    0  2  1  0  0  2  1  0  0  0  0  0
    0  2  1  0  0  0  0  0  0  2  0  1
    0  0  0  0  0  0  0  0  0  1  1  0
 Output (movement directions):
    0  0  0  0  0  0  1  0
 Brain energy:           14
 Output energy:            1
 Cat moved:            1 steps in direction            7
 
 Progress:        18000 /        20000
 ========================================
 SNAPSHOT AT BAR        19000
 ========================================
 
 Field (C=Cat, M=Mouse):
....................
....................
....................
....................
....................
....................
....................
....................
....................
....................
....................
....................
....................
....................
....................
.........M..........
....................
....................
....................
.............C......
 
 Mouse:           48 ,           24
 Cat:             65 ,            0
 Vision input:
    0  0  1  0  0  0
 Brain state:
    0  0  0  0  0  0  0  0  0  0  0  0
    0  0  0  1  0  0  0  0  0  0  0  0
    0  0  0  0  0  0  0  0  0  0  0  0
    0  0  0  0  0  2  1  0  0  0  0  0
    0  0  0  0  0  0  0  0  0  0  1  1
    0  0  0  0  0  0  0  0  0  0  0  1
 Output (movement directions):
    0  0  0  0  0  0  0  0
 Brain energy:            7
 Output energy:            0
 
 Progress:        19000 /        20000
 ========================================
 SNAPSHOT AT BAR        20000
 ========================================
 
 Field (C=Cat, M=Mouse):
....................
....................
....................
....................
....................
..M.................
....................
....................
....................
....................
....................
....................
....................
....................
....................
....................
....................
....................
....................
.................C..
 
 Mouse:           11 ,           75
 Cat:             85 ,            0
 Vision input:
    0  0  1  0  0  0
 Brain state:
    0  0  0  0  0  0  0  0  0  0  0  0
    0  0  0  1  1  2  0  0  0  0  0  0
    0  0  0  0  1  0  0  0  0  0  0  0
    0  0  0  0  0  0  0  0  0  0  0  0
    0  0  0  0  0  0  0  1  0  0  0  0
    0  0  0  0  0  0  0  1  1  1  1  0
 Output (movement directions):
    0  1  0  0  0  0  0  0
 Brain energy:           10
 Output energy:            1
 Cat moved:            1 steps in direction            2
 
 Progress:        20000 /        20000
 === SIMULATION COMPLETE ===
 Results saved to:simulation_log.csv
