 === CAT & MOUSE LEARNING SIMULATION ===
 Max Bars (real-world steps):        20000
 Brain steps per Bar:           20
 Reinforcement: distance-based (global)
 Logging to:simulation_log.csv
 Snapshot interval:         1000
 
 ========================================
 SNAPSHOT AT BAR         1000
 ========================================
 
 Field (C=Cat, M=Mouse):
....................
....................
....................
....................
....................
....................
....................
....................
....................
....................
....................
....................
....................
....................
....................
....................
....................
...M................
....................
...................C
 
 Mouse:           16 ,           14
 Cat:            100 ,            0
 Vision input:
    0  0  1  0  0  0
 Brain state:
    0  0  0  0  0  1  0  0  0  0  0  0
    0  0  0  2  1  0  1  0  0  0  0  0
    0  0  0  1  1  0  1  0  0  0  0  0
    0  0  0  0  0  0  0  0  0  0  0  0
    0  0  0  0  0  0  0  0  0  1  1  0
    0  0  0  0  0  0  0  0  2  1  1  0
 Output (movement directions):
    0  0  1  0  0  0  0  0
 Brain energy:           14
 Output energy:            1
 Cat moved:            1 steps in direction            3
 
 Progress:         1000 /        20000
 ========================================
 SNAPSHOT AT BAR         2000
 ========================================
 
 Field (C=Cat, M=Mouse):
...................C
....................
....................
....................
....................
....................
..................M.
....................
....................
....................
....................
....................
....................
....................
....................
....................
....................
....................
....................
....................
 
 Mouse:           92 ,           69
 Cat:            100 ,          100
 Vision input:
    0  0  0  0  1  0
 Brain state:
    0  1  0  1  0  0  0  0  0  0  0  0
    0  0  1  0  0  0  0  0  0  0  0  0
    1  1  0  0  0  0  0  0  0  0  0  0
    1  1  0  0  0  0  1  0  0  0  0  0
    0  0  0  0  0  1  2  1  1  1  0  0
    0  0  0  0  0  0  0  0  1  2  1  0
 Output (movement directions):
    0  0  0  0  1  0  0  0
 Brain energy:           18
 Output energy:            1
 Cat moved:            1 steps in direction            5
 
 Progress:         2000 /        20000
 ========================================
 SNAPSHOT AT BAR         3000
 ========================================
 
 Field (C=Cat, M=Mouse):
.......M............
....................
....................
....................
....................
....................
....................
....................
....................
....................
....................
....................
....................
....................
....................
....................
....................
....................
....................
...................C
 
 Mouse:           39 ,           95
 Cat:            100 ,            0
 Vision input:
    0  0  1  0  0  0
 Brain state:
    0  0  0  0  0  0  0  0  0  0  0  0
    0  0  0  0  0  0  0  1  0  0  0  0
    0  0  0  1  0  0  0  0  0  0  0  0
    0  0  0  1  1  0  0  0  0  0  0  0
    0  0  0  0  0  0  0  0  0  0  0  0
    0  0  0  1  0  0  0  0  0  0  0  0
 Output (movement directions):
    0  0  0  0  1  0  0  0
 Brain energy:            5
 Output energy:            1
 Cat moved:            1 steps in direction            5
 
 Progress:         3000 /        20000
 ========================================
 SNAPSHOT AT BAR         4000
 ========================================
 
 Field (C=Cat, M=Mouse):
....................
....................
....................
....................
....................
....................
....................
....................
....................
....................
....................
....................
....................
....................
....M...............
....................
....................
....................
....................
C...................
 
 Mouse:           22 ,           29
 Cat:              0 ,            0
 Vision input:
    1  0  0  0  0  0
 Brain state:
    0  0  0  0  0  0  0  0  0  0  0  0
    0  0  0  0  0  0  0  0  0  0  0  0
    0  0  0  2  1  0  0  0  0  0  0  0
    0  0  0  0  0  0  0  0  0  0  0  0
    0  0  0  0  0  0  0  0  0  0  0  0
    0  0  0  0  0  0  0  0  0  0  0  0
 Output (movement directions):
    1  0  0  0  0  0  0  0
 Brain energy:            3
 Output energy:            1
 Cat moved:            1 steps in direction            1
 
 Progress:         4000 /        20000
 ========================================
 SNAPSHOT AT BAR         5000
 ========================================
 
 Field (C=Cat, M=Mouse):
....................
....................
....................
....................
....................
....................
....................
....................
....................
....................
....................
....................
....................
....................
..........M.........
....................
....................
....................
....................
C...................
 
 Mouse:           52 ,           30
 Cat:              0 ,            0
 Vision input:
    1  0  0  0  0  0
 Brain state:
    0  0  0  0  0  0  0  0  0  0  0  0
    0  0  0  0  0  0  0  0  0  0  0  0
    0  0  0  0  0  0  0  0  0  0  0  0
    0  0  0  0  0  0  0  0  0  0  0  0
    0  0  0  0  0  0  0  0  0  0  0  0
    0  0  0  0  0  0  0  0  0  0  0  0
 Output (movement directions):
    1  0  0  0  0  0  0  0
 Brain energy:            0
 Output energy:            1
 Cat moved:            1 steps in direction            1
 
 Progress:         5000 /        20000
 ========================================
 SNAPSHOT AT BAR         6000
 ========================================
 
 Field (C=Cat, M=Mouse):
....................
....................
....................
....................
....................
....................
....................
....................
....................
......M.............
....................
....................
....................
....................
....................
....................
....................
....................
....................
...........C........
 
 Mouse:           33 ,           54
 Cat:             55 ,            0
 Vision input:
    0  1  0  0  0  0
 Brain state:
    0  0  0  0  0  0  0  0  0  0  0  0
    0  0  0  0  0  0  0  0  0  0  0  0
    0  0  0  0  0  0  0  0  0  0  0  0
    0  0  0  0  0  0  0  0  0  0  0  0
    0  0  0  0  0  0  0  0  0  0  0  0
    0  0  0  0  0  0  0  0  0  0  0  0
 Output (movement directions):
    0  0  0  0  1  0  0  0
 Brain energy:            0
 Output energy:            1
 Cat moved:            1 steps in direction            5
 
 Progress:         6000 /        20000
 ========================================
 SNAPSHOT AT BAR         7000
 ========================================
 
 Field (C=Cat, M=Mouse):
....................
....................
....................
....................
....................
....................
....................
....................
....................
................M...
....................
....................
....................
....................
....................
....................
....................
....................
....................
...................C
 
 Mouse:           80 ,           53
 Cat:            100 ,            0
 Vision input:
    0  1  0  0  0  0
 Brain state:
    0  0  2  1  0  0  0  0  0  0  0  0
    0  0  0  0  0  0  0  0  0  0  0  0
    0  0  0  0  0  0  0  0  0  0  0  0
    0  0  0  0  0  0  0  0  0  0  0  0
    0  0  0  0  0  0  0  0  0  0  0  0
    0  0  0  0  0  0  0  0  0  0  0  0
 Output (movement directions):
    0  1  0  0  0  0  0  0
 Brain energy:            3
 Output energy:            1
 Cat moved:            1 steps in direction            2
 
 Progress:         7000 /        20000
 ========================================
 SNAPSHOT AT BAR         8000
 ========================================
 
 Field (C=Cat, M=Mouse):
....................
....................
....................
....................
....................
....................
....................
....................
....................
....................
....................
....................
....................
....................
....................
....................
....................
....M...............
....................
...................C
 
 Mouse:           23 ,           10
 Cat:            100 ,            0
 Vision input:
    0  0  1  0  0  0
 Brain state:
    1  0  0  0  0  0  0  0  0  0  0  0
    1  2  2  0  0  0  0  0  0  0  0  0
    1  0  0  1  0  0  0  0  0  0  0  0
    0  0  0  0  0  0  0  0  0  0  0  0
    0  0  0  0  0  0  0  0  0  0  0  0
    0  0  0  0  0  0  0  0  0  0  0  0
 Output (movement directions):
    0  0  1  0  0  0  0  0
 Brain energy:            8
 Output energy:            1
 Cat moved:            1 steps in direction            3
 
 Progress:         8000 /        20000
 ========================================
 SNAPSHOT AT BAR         9000
 ========================================
 
 Field (C=Cat, M=Mouse):
..C.................
....................
....................
....................
....................
....................
....................
....................
....................
....................
....................
.........M..........
....................
....................
....................
....................
....................
....................
....................
....................
 
 Mouse:           49 ,           45
 Cat:             10 ,          100
 Vision input:
    0  0  0  0  0  1
 Brain state:
    0  0  0  0  0  0  0  0  0  0  0  0
    0  0  1  1  0  0  0  0  0  0  0  0
    0  0  0  1  0  0  0  0  0  0  1  0
    0  0  0  0  0  0  0  0  0  1  1  0
    0  0  0  0  0  0  0  0  0  1  1  0
    0  0  0  0  0  0  0  0  0  1  1  1
 Output (movement directions):
    0  0  0  0  0  0  1  0
 Brain energy:           11
 Output energy:            1
 Cat moved:            1 steps in direction            7
 
 Progress:         9000 /        20000
 ========================================
 SNAPSHOT AT BAR        10000
 ========================================
 
 Field (C=Cat, M=Mouse):
...................C
....................
....................
....................
....................
....................
....................
....................
....................
....................
M...................
....................
....................
....................
....................
....................
....................
....................
....................
....................
 
 Mouse:            0 ,           48
 Cat:            100 ,          100
 Vision input:
    0  0  0  1  0  0
 Brain state:
    0  1  1  0  0  0  0  1  0  0  0  0
    2  1  1  0  0  0  0  0  0  0  0  0
    2  2  1  0  0  0  1  0  1  0  0  0
    2  1  1  2  0  0  0  1  0  0  0  0
    1  0  2  1  0  0  0  0  0  0  0  0
    0  0  1  0  0  0  0  0  0  0  0  0
 Output (movement directions):
    0  0  0  0  0  0  0  1
 Brain energy:           26
 Output energy:            1
 Cat moved:            1 steps in direction            8
 
 Progress:        10000 /        20000
 ========================================
 SNAPSHOT AT BAR        11000
 ========================================
 
 Field (C=Cat, M=Mouse):
C...................
....................
....................
....................
....................
....................
....................
....................
....................
....................
....................
....................
....................
....................
....................
....................
....................
....................
....................
...............M....
 
 Mouse:           76 ,            2
 Cat:              0 ,          100
 Vision input:
    0  0  0  0  0  1
 Brain state:
    0  1  0  0  1  0  0  0  0  0  0  0
    0  0  0  0  0  0  0  0  0  0  0  0
    0  0  0  0  0  0  0  0  0  0  0  0
    0  0  0  0  0  1  0  0  0  0  0  0
    0  0  0  0  0  0  0  0  0  2  2  1
    0  0  0  0  0  0  0  0  0  1  1  1
 Output (movement directions):
    0  0  0  0  0  1  0  0
 Brain energy:           11
 Output energy:            1
 Cat moved:            1 steps in direction            6
 
 Progress:        11000 /        20000
 ========================================
 SNAPSHOT AT BAR        12000
 ========================================
 
 Field (C=Cat, M=Mouse):
.................M..
....................
....................
....................
....................
....................
....................
....................
....................
....................
....................
....................
....................
....................
....................
....................
....................
....................
....................
C...................
 
 Mouse:           86 ,           98
 Cat:              0 ,            0
 Vision input:
    1  0  0  0  0  0
 Brain state:
    0  0  1  0  0  0  1  0  0  0  0  0
    0  0  2  0  0  0  2  0  0  0  0  0
    0  0  0  1  0  0  1  0  0  0  0  0
    0  0  2  2  0  1  1  0  0  0  0  0
    0  0  2  1  0  0  0  0  1  1  0  0
    0  0  0  1  0  0  0  1  1  0  2  1
 Output (movement directions):
    1  0  0  0  0  0  0  0
 Brain energy:           25
 Output energy:            1
 Cat moved:            1 steps in direction            1
 
 Progress:        12000 /        20000
 ========================================
 SNAPSHOT AT BAR        13000
 ========================================
 
 Field (C=Cat, M=Mouse):
....................
....................
....................
....................
....................
....................
....................
....................
....................
..................M.
....................
....................
....................
....................
....................
....................
....................
....................
....................
...................C
 
 Mouse:           93 ,           54
 Cat:            100 ,            0
 Vision input:
    0  1  0  0  0  0
 Brain state:
    0  0  1  1  0  0  0  0  0  0  0  0
    0  0  2  0  0  0  0  0  0  0  0  0
    0  1  1  2  0  0  0  0  0  0  0  0
    0  1  0  0  1  0  0  0  0  0  0  0
    0  0  0  0  0  0  0  0  0  0  0  0
    0  1  0  0  0  0  0  0  0  0  0  0
 Output (movement directions):
    0  0  0  0  0  0  0  0
 Brain energy:           11
 Output energy:            0
 
 Progress:        13000 /        20000
 ========================================
 SNAPSHOT AT BAR        14000
 ========================================
 
 Field (C=Cat, M=Mouse):
....................
....................
...................M
....................
....................
....................
....................
....................
....................
....................
....................
....................
....................
....................
....................
....................
....................
....................
....................
...................C
 
 Mouse:           97 ,           87
 Cat:            100 ,            0
 Vision input:
    0  1  0  0  0  0
 Brain state:
    0  0  0  2  1  0  0  0  0  0  0  0
    0  0  0  2  0  0  0  0  0  0  0  0
    0  0  0  2  1  1  1  0  0  0  0  0
    0  0  0  0  1  0  0  0  0  0  0  0
    0  0  0  0  0  0  0  0  0  0  0  0
    0  0  0  0  0  0  0  0  0  0  0  0
 Output (movement directions):
    0  0  1  0  0  0  0  0
 Brain energy:           11
 Output energy:            1
 Cat moved:            1 steps in direction            3
 
 Progress:        14000 /        20000
 ========================================
 SNAPSHOT AT BAR        15000
 ========================================
 
 Field (C=Cat, M=Mouse):
....................
....................
....................
....................
....................
....................
....................
....................
....................
....................
....................
....................
....................
....................
....................
....................
....................
...............M....
....................
...................C
 
 Mouse:           76 ,           11
 Cat:            100 ,            0
 Vision input:
    0  0  1  0  0  0
 Brain state:
    0  0  0  0  0  0  0  0  0  0  0  0
    0  0  1  0  1  0  0  0  0  0  0  0
    0  0  0  1  1  0  0  0  0  0  0  0
    0  0  1  0  0  0  1  0  0  0  0  0
    0  0  0  0  0  0  0  0  0  0  0  0
    0  0  0  0  0  0  0  0  0  0  2  1
 Output (movement directions):
    0  1  0  0  0  0  0  0
 Brain energy:            9
 Output energy:            1
 Cat moved:            1 steps in direction            2
 
 Progress:        15000 /        20000
 ========================================
 SNAPSHOT AT BAR        16000
 ========================================
 
 Field (C=Cat, M=Mouse):
............M.......
....................
....................
....................
....................
....................
....................
....................
....................
....................
....................
....................
....................
....................
....................
....................
....................
....................
....................
C...................
 
 Mouse:           62 ,           95
 Cat:              0 ,            0
 Vision input:
    1  0  0  0  0  0
 Brain state:
    0  0  0  0  0  0  0  0  0  0  0  0
    0  0  0  1  0  0  0  0  0  0  0  0
    0  0  0  0  0  0  0  0  0  1  0  0
    0  0  0  0  0  0  0  0  1  0  0  0
    0  0  0  0  0  0  0  0  1  1  0  0
    0  0  0  0  0  0  0  0  0  0  0  0
 Output (movement directions):
    0  0  0  1  0  0  0  0
 Brain energy:            5
 Output energy:            1
 Cat moved:            1 steps in direction            4
 
 Progress:        16000 /        20000
 ========================================
 SNAPSHOT AT BAR        17000
 ========================================
 
 Field (C=Cat, M=Mouse):
............M......C
....................
....................
....................
....................
....................
....................
....................
....................
....................
....................
....................
....................
....................
....................
....................
....................
....................
....................
....................
 
 Mouse:           65 ,           99
 Cat:            100 ,          100
 Vision input:
    0  0  0  1  0  0
 Brain state:
    1  0  0  0  0  0  0  0  0  0  0  0
    1  1  0  0  0  0  0  0  0  0  0  0
    0  0  0  0  0  0  0  0  0  0  0  0
    0  0  0  0  0  0  0  0  0  0  0  0
    0  0  0  0  0  0  0  0  0  0  0  1
    0  0  0  0  0  0  0  0  0  0  1  0
 Output (movement directions):
    0  0  0  0  0  0  0  1
 Brain energy:            5
 Output energy:            1
 Cat moved:            1 steps in direction            8
 
 Progress:        17000 /        20000
 ========================================
 SNAPSHOT AT BAR        18000
 ========================================
 
 Field (C=Cat, M=Mouse):
....................
....................
....................
........M...........
.......C............
....................
....................
....................
....................
....................
....................
....................
....................
....................
....................
....................
....................
....................
....................
....................
 
 Mouse:           43 ,           85
 Cat:             35 ,           75
 Vision input:
    1  0  0  0  0  0
 Brain state:
    1  1  0  0  0  0  0  0  0  0  0  0
    0  0  0  0  0  0  0  0  0  0  0  0
    0  0  0  1  0  0  0  0  0  0  0  0
    0  0  0  0  0  1  0  0  0  0  0  0
    0  0  0  0  0  0  0  0  0  1  0  0
    0  0  0  0  0  0  0  0  1  1  1  1
 Output (movement directions):
    0  0  0  0  0  0  0  0
 Brain energy:            9
 Output energy:            0
 
 Progress:        18000 /        20000
 ========================================
 SNAPSHOT AT BAR        19000
 ========================================
 
 Field (C=Cat, M=Mouse):
....................
....................
....................
....................
....................
....................
....................
....................
....................
.M..................
....................
....................
....................
....................
....................
....................
....................
....................
....................
...................C
 
 Mouse:            7 ,           54
 Cat:            100 ,            0
 Vision input:
    0  0  1  0  0  0
 Brain state:
    0  1  0  0  0  0  0  0  0  0  0  0
    1  1  0  0  0  0  0  0  0  0  0  0
    0  0  0  0  0  0  0  0  0  0  0  0
    0  1  0  0  0  0  0  0  0  0  0  0
    0  0  0  0  0  0  0  1  0  1  0  0
    0  0  2  1  0  0  0  0  0  0  2  1
 Output (movement directions):
    0  1  0  0  0  0  0  0
 Brain energy:           12
 Output energy:            1
 Cat moved:            1 steps in direction            2
 
 Progress:        19000 /        20000
 ========================================
 SNAPSHOT AT BAR        20000
 ========================================
 
 Field (C=Cat, M=Mouse):
....................
....................
..........M.........
....................
....................
....................
....................
....................
....................
....................
....................
....................
....................
....................
....................
....................
....................
....................
....................
C...................
 
 Mouse:           55 ,           89
 Cat:              0 ,            0
 Vision input:
    1  0  0  0  0  0
 Brain state:
    0  0  0  0  0  0  0  0  0  0  0  0
    0  0  0  0  0  0  0  0  0  0  0  0
    0  0  0  0  0  0  0  0  0  0  0  1
    0  0  0  0  0  0  0  0  0  0  1  1
    0  0  0  0  0  0  0  0  0  0  1  1
    0  0  0  0  0  0  0  0  0  0  0  0
 Output (movement directions):
    1  0  0  0  0  0  0  0
 Brain energy:            5
 Output energy:            1
 Cat moved:            1 steps in direction            1
 
 Progress:        20000 /        20000
 === SIMULATION COMPLETE ===
 Results saved to:simulation_log.csv
